Hello World!
Hello And Bye!
# END TEST WITH RETVAL=0
