Now exitting with exit code 42...
# END TEST WITH RETVAL=42
