Starting malloc/free tests...
Done with malloc/free tests.
sleep(0)...
done. sleep(1)...
done. sleep(3)...
done. 10 * usleep(200*1000)...
start time was: REDACTED
end time: REDACTED
done.
That's all, folks!
# END TEST WITH RETVAL=0
